% A list of journal names and their abbreviations according to the Index_Medicus Journal Title Abbreviations list (http://www2.bg.am.poznan.pl/czasopisma/medicus.php?lang=eng).
% Usage: in the preamble add
    %% Load journal abbreviations
%    \DeclareSourcemap{
%      \maps[datatype=bibtex,overwrite=true]{
%      \input{JourAbs.map}
%     }
%    }

% Note: every journal appears twice -- under 'journal' and under 'journaltitle'.
   \map{
       \step[ fieldsource = journal,
      		match = \regexp{The\sAmerican\sNaturalist},
      		replace = {{Am. Nat.}}]
       \step[ fieldsource = journal,
      		match = \regexp{Annals\sof\sthe\sNew\sYork\sAcademy\sof\sSciences},
      		replace = {{Ann. N. Y. Acad. Sci.}}]
       \step[ fieldsource = journal,
      		match = \regexp{Annual\sReview\sof\sBiochemistry},
      		replace = {{Ann. Rev. Biochem.}}]
       \step[ fieldsource = journal,
      		match = \regexp{Annual\sReview\sof\sEarth\sand\sPlanetary\sSciences},
      		replace = {{Ann. Rev. Earth Planet Sci.}}]
       \step[ fieldsource = journal,
      		match = \regexp{Annual\sReview\sof\sEcology\sand\sSystematics},
      		replace = {{Ann. Rev. Ecol. Syst.}}]
       \step[ fieldsource = journal,
      		match = \regexp{Annual\sReview\sof\sMicrobiology},
      		replace = {{Ann. Rev. Microbiol.}}]
       \step[ fieldsource = journal,
      		match = \regexp{Antonie\svan\sLeeuwenhoek},
      		replace = {{Ant. van Leeuwenhoek}}]
       \step[ fieldsource = journal,
      		match = \regexp{Applied\sand\sEnvironmental\sMicrobiology},
      		replace = {{App.l Environ. Microbiol.}}]
       \step[ fieldsource = journal,
      		match = \regexp{Applied\sSoil\sEcology},
      		replace = {{Appl. Soil. Ecol.}}]
       \step[ fieldsource = journal,
      		match = \regexp{Aquatic\sMicrobial\sEcology},
      		replace = {{Aquat. Microb. Ecol.}}]
       \step[ fieldsource = journal,
      		match = \regexp{Archives\sof\sMicrobiology},
      		replace = {{Arch. Microbiol.}}]
       \step[ fieldsource = journal,
      		match = \regexp{Biogeochemistry},
      		replace = {{Biogeochem.}}]
       \step[ fieldsource = journal,
      		match = \regexp{Biology\sand\sFertility\sof\sSoils},
      		replace = {{Biol. Fertil. Soils}}]
       \step[ fieldsource = journal,
      		match = \regexp{Biotechnology\sand\sBioengineering},
      		replace = {{Biotechnol. Bioeng.}}]
       \step[ fieldsource = journal,
      		match = \regexp{Canadian\sJournal\sof\sMicrobiology},
      		replace = {{Can. J. Microbiol.}}]
       \step[ fieldsource = journal,
      		match = \regexp{EMBO\sReports},
      		replace = {{EMBO Rep.}}]
       \step[ fieldsource = journal,
      		match = \regexp{Environmental\sMicrobiology},
      		replace = {{Environ. Microbiol.}}]
       \step[ fieldsource = journal,
      		match = \regexp{Environmental\sScience\s&amp;\sTechnology},
      		replace = {{Environ. Sci. Technol.}}]
       \step[ fieldsource = journal,
      		match = \regexp{European\sJournal\sof\sSoil\sScience,},
      		replace = {{Eur. J. Soil. Sci.}}]
       \step[ fieldsource = journal,
      		match = \regexp{FEMS\sMicrobiology\sEcology},
      		replace = {{FEMS. Microbiol. Ecol.}}]
       \step[ fieldsource = journal,
      		match = \regexp{Frontiers\sin\sTerrestrial\sMicrobiology},
      		replace = {{Front. Microbiol.}}]
       \step[ fieldsource = journal,
      		match = \regexp{Genome\sResearch},
      		replace = {{Genome Res.}}]
       \step[ fieldsource = journal,
      		match = \regexp{Geochimica\set\sCosmochimica\sActa},
      		replace = {{Geochim. Cosmochim. Acta.}}]
       \step[ fieldsource = journal,
      		match = \regexp{Global\sBiogeochemical\sCycles},
      		replace = {{Global. Biogeochem. Cycles}}]
       \step[ fieldsource = journal,
      		match = \regexp{Global\sChange\sBiology},
      		replace = {{Global. Change Biol.}}]
       \step[ fieldsource = journal,
      		match = \regexp{International\sJournal\sof\sSystematic\sand\sEvolutionary\sMicrobiology},
      		replace = {{In.t J. Syst. Evol. Microbiol.}}]
       \step[ fieldsource = journal,
      		match = \regexp{The\sISME\sJournal},
      		replace = {{ISME J.}}]
       \step[ fieldsource = journal,
      		match = \regexp{Journal\sof\sArid\sEnvironments},
      		replace = {{J. Arid. Environ.}}]     
       \step[ fieldsource = journal,
      		match = \regexp{Journal\sof\sBacteriology},
      		replace = {{J. Bacteriol.}}]       
       \step[ fieldsource = journal,
      		match = \regexp{Journal\sof\sGeophysical\sResearch},
      		replace = {{J. Geophys. Res.}}]
       \step[ fieldsource = journal,
      		match = \regexp{Journal\sof\sMicrobiological\sMethods},
      		replace = {{J. Microbiol. Methods.}}]
       \step[ fieldsource = journal,
      		match = \regexp{Journal\sof\sPhycology},
      		replace = {{J. Phycol.}}]
       \step[ fieldsource = journal,
      		match = \regexp{Journal\sof\sStatistical\sMechanics:\sTheory\sand\sExperiment},
      		replace = {{J. Stat. Mech.}}]
       \step[ fieldsource = journal,
      		match = \regexp{Journal\sof\sTheoretical\sBiology},
      		replace = {{J. Theor. Biol.}}]
       \step[ fieldsource = journal,
      		match = \regexp{Limnology\sand\sOceanography},
      		replace = {{Limnol. Oceanogr.}}]
       \step[ fieldsource = journal,
      		match = \regexp{Microbial\sBiotechnology},
      		replace = {{Microb. Biotechnol.}}]
       \step[ fieldsource = journal,
      		match = \regexp{Microbial\sEcology},
      		replace = {{Microb. Ecol.}}]
       \step[ fieldsource = journal,
      		match = \regexp{Microbiology\sand\sMolecular\sBiology\sReviews},
      		replace = {{Microbiol. Mol. Biol. Rev.}}]
       \step[ fieldsource = journal,
      		match = \regexp{Mycological\sResearch},
      		replace = {{Micol. Res.}}]
       \step[ fieldsource = journal,
      		match = \regexp{Nature\sBiotechnology},
      		replace = {{Nat. Biotech.}}]
       \step[ fieldsource = journal,
      		match = \regexp{Nature\sGeoscience},
      		replace = {{Nat. Geosci.}}]     
       \step[ fieldsource = journal,
      		match = \regexp{Nature\sMethods},
      		replace = {{Nat. Meth.}}]
       \step[ fieldsource = journal,
      		match = \regexp{Nature\sProtocols},
      		replace = {{Nat. Protoc.}}]
       \step[ fieldsource = journal,
      		match = \regexp{Nature\sReviews\sMicrobiology},
      		replace = {{Nat. Rev. Micro.}}]
       \step[ fieldsource = journal,
      		match = \regexp{Nature\sGeoscience},
      		replace = {{Nat. Geosci.}}]
       \step[ fieldsource = journal,
      		match = \regexp{New\sPhytologist},
      		replace = {{New Phytol.}}]
       \step[ fieldsource = journal,
      		match = \regexp{Nucleic\sAcids\sResearch},
      		replace = {{Nucl. Acids Res.}}]
       \step[ fieldsource = journal,
      		match = \regexp{Organic\sGeochemistry},
      		replace = {{Org. Geochem.}}]
       \step[ fieldsource = journal,
      		match = \regexp{PLoS\sComputational\sBiology},
      		replace = {{PLoS Comput. Biol.}}]
       \step[ fieldsource = journal,
      		match = \regexp{Proceedings\sof\sthe\sNational\sAcademy\sof\sSciences},
      		replace = {{Proc. Natl. Acad. Sci. U. S. A.}}]
       \step[ fieldsource = journal,
      		match = \regexp{Rapid\sCommunications\sin\sMass\sSpectrometry},
      		replace = {{Rapid Commun. Mass Spectrom.}}]
       \step[ fieldsource = journal,
      		match = \regexp{Research\sin\sMicrobiology},
      		replace = {{Res. Microbiol.}}]
       \step[ fieldsource = journal,
      		match = \regexp{Software:\sPractice\sand\sExperience},
      		replace = {{Softw. Pract. Exper.}}]
       \step[ fieldsource = journal,
      		match = \regexp{Soil\sBiology\sand\sBiochemistry},
      		replace = {{Soil Biol. Biochem.}}]
       \step[ fieldsource = journal,
      		match = \regexp{Soil\sScience\sSociety\sof\sAmerica\sJournal},
      		replace = {{Soil Sci. Soc. Am. J.}}]
       \step[ fieldsource = journal,
      		match = \regexp{Systematic\sand\sApplied\sMicrobiology},
      		replace = {{Syst. Appl. Microbiol.}}]
       \step[ fieldsource = journal,
      		match = \regexp{Wiley\sInterdisciplinary\sReviews:\sClimate\sChange},
      		replace = {{Wiley Interdiscip Rev Clim Change}}]
       \step[ fieldsource = journaltitle,
      		match = \regexp{The\sAmerican\sNaturalist},
      		replace = {{Am. Nat.}}]
       \step[ fieldsource = journaltitle,
      		match = \regexp{Annals\sof\sthe\sNew\sYork\sAcademy\sof\sSciences},
      		replace = {{Ann. N. Y. Acad. Sci.}}]
       \step[ fieldsource = journaltitle,
      		match = \regexp{Annual\sReview\sof\sBiochemistry},
      		replace = {{Ann. Rev. Biochem.}}]
       \step[ fieldsource = journaltitle,
      		match = \regexp{Annual\sReview\sof\sEarth\sand\sPlanetary\sSciences},
      		replace = {{Ann. Rev. Earth Planet Sci.}}]
       \step[ fieldsource = journaltitle,
      		match = \regexp{Annual\sReview\sof\sEcology\sand\sSystematics},
      		replace = {{Ann. Rev. Ecol. Syst.}}]
       \step[ fieldsource = journaltitle,
      		match = \regexp{Annual\sReview\sof\sMicrobiology},
      		replace = {{Ann. Rev. Microbiol.}}]
       \step[ fieldsource = journaltitle,
      		match = \regexp{Antonie\svan\sLeeuwenhoek},
      		replace = {{Ant. van Leeuwenhoek}}]
       \step[ fieldsource = journaltitle,
      		match = \regexp{Applied\sand\sEnvironmental\sMicrobiology},
      		replace = {{App.l Environ. Microbiol.}}]
       \step[ fieldsource = journaltitle,
      		match = \regexp{Applied\sSoil\sEcology},
      		replace = {{Appl. Soil. Ecol.}}]
       \step[ fieldsource = journaltitle,
      		match = \regexp{Aquatic\sMicrobial\sEcology},
      		replace = {{Aquat. Microb. Ecol.}}]
       \step[ fieldsource = journaltitle,
      		match = \regexp{Archives\sof\sMicrobiology},
      		replace = {{Arch. Microbiol.}}]
       \step[ fieldsource = journaltitle,
      		match = \regexp{Biogeochemistry},
      		replace = {{Biogeochem.}}]
       \step[ fieldsource = journaltitle,
      		match = \regexp{Biology\sand\sFertility\sof\sSoils},
      		replace = {{Biol. Fertil. Soils}}]
       \step[ fieldsource = journaltitle,
      		match = \regexp{Biotechnology\sand\sBioengineering},
      		replace = {{Biotechnol. Bioeng.}}]
       \step[ fieldsource = journaltitle,
      		match = \regexp{Canadian\sJournal\sof\sMicrobiology},
      		replace = {{Can. J. Microbiol.}}]
       \step[ fieldsource = journaltitle,
      		match = \regexp{EMBO\sReports},
      		replace = {{EMBO Rep.}}]
       \step[ fieldsource = journaltitle,
      		match = \regexp{Environmental\sMicrobiology},
      		replace = {{Environ. Microbiol.}}]
       \step[ fieldsource = journaltitle,
      		match = \regexp{Environmental\sScience\s&amp;\sTechnology},
      		replace = {{Environ. Sci. Technol.}}]
       \step[ fieldsource = journaltitle,
      		match = \regexp{European\sJournal\sof\sSoil\sScience,},
      		replace = {{Eur. J. Soil. Sci.}}]
       \step[ fieldsource = journaltitle,
      		match = \regexp{FEMS\sMicrobiology\sEcology},
      		replace = {{FEMS. Microbiol. Ecol.}}]
       \step[ fieldsource = journaltitle,
      		match = \regexp{Frontiers\sin\sTerrestrial\sMicrobiology},
      		replace = {{Front. Microbiol.}}]
       \step[ fieldsource = journaltitle,
      		match = \regexp{Genome\sResearch},
      		replace = {{Genome Res.}}]
       \step[ fieldsource = journaltitle,
      		match = \regexp{Geochimica\set\sCosmochimica\sActa},
      		replace = {{Geochim. Cosmochim. Acta.}}]
       \step[ fieldsource = journaltitle,
      		match = \regexp{Global\sBiogeochemical\sCycles},
      		replace = {{Global. Biogeochem. Cycles}}]
       \step[ fieldsource = journaltitle,
      		match = \regexp{Global\sChange\sBiology},
      		replace = {{Global. Change Biol.}}]
       \step[ fieldsource = journaltitle,
      		match = \regexp{International\sJournal\sof\sSystematic\sand\sEvolutionary\sMicrobiology},
      		replace = {{In.t J. Syst. Evol. Microbiol.}}]
       \step[ fieldsource = journaltitle,
      		match = \regexp{The\sISME\sJournal},
      		replace = {{ISME J.}}]
       \step[ fieldsource = journaltitle,
      		match = \regexp{Journal\sof\sArid\sEnvironments},
      		replace = {{J. Arid. Environ.}}]     
       \step[ fieldsource = journaltitle,
      		match = \regexp{Journal\sof\sBacteriology},
      		replace = {{J. Bacteriol.}}]       
       \step[ fieldsource = journaltitle,
      		match = \regexp{Journal\sof\sGeophysical\sResearch},
      		replace = {{J. Geophys. Res.}}]
       \step[ fieldsource = journaltitle,
      		match = \regexp{Journal\sof\sMicrobiological\sMethods},
      		replace = {{J. Microbiol. Methods.}}]
       \step[ fieldsource = journaltitle,
      		match = \regexp{Journal\sof\sPhycology},
      		replace = {{J. Phycol.}}]
       \step[ fieldsource = journaltitle,
      		match = \regexp{Journal\sof\sStatistical\sMechanics:\sTheory\sand\sExperiment},
      		replace = {{J. Stat. Mech.}}]
       \step[ fieldsource = journaltitle,
      		match = \regexp{Journal\sof\sTheoretical\sBiology},
      		replace = {{J. Theor. Biol.}}]
       \step[ fieldsource = journaltitle,
      		match = \regexp{Limnology\sand\sOceanography},
      		replace = {{Limnol. Oceanogr.}}]
       \step[ fieldsource = journaltitle,
      		match = \regexp{Microbial\sBiotechnology},
      		replace = {{Microb. Biotechnol.}}]
       \step[ fieldsource = journaltitle,
      		match = \regexp{Microbial\sEcology},
      		replace = {{Microb. Ecol.}}]
       \step[ fieldsource = journaltitle,
      		match = \regexp{Microbiology\sand\sMolecular\sBiology\sReviews},
      		replace = {{Microbiol. Mol. Biol. Rev.}}]
       \step[ fieldsource = journaltitle,
      		match = \regexp{Mycological\sResearch},
      		replace = {{Micol. Res.}}]
       \step[ fieldsource = journaltitle,
      		match = \regexp{Nature\sBiotechnology},
      		replace = {{Nat. Biotech.}}]
       \step[ fieldsource = journaltitle,
      		match = \regexp{Nature\sGeoscience},
      		replace = {{Nat. Geosci.}}]     
       \step[ fieldsource = journaltitle,
      		match = \regexp{Nature\sMethods},
      		replace = {{Nat. Meth.}}]
       \step[ fieldsource = journaltitle,
      		match = \regexp{Nature\sProtocols},
      		replace = {{Nat. Protoc.}}]
       \step[ fieldsource = journaltitle,
      		match = \regexp{Nature\sReviews\sMicrobiology},
      		replace = {{Nat. Rev. Micro.}}]
       \step[ fieldsource = journaltitle,
      		match = \regexp{Nature\sGeoscience},
      		replace = {{Nat. Geosci.}}]
       \step[ fieldsource = journaltitle,
      		match = \regexp{New\sPhytologist},
      		replace = {{New Phytol.}}]
       \step[ fieldsource = journaltitle,
      		match = \regexp{Nucleic\sAcids\sResearch},
      		replace = {{Nucl. Acids Res.}}]
       \step[ fieldsource = journaltitle,
      		match = \regexp{Organic\sGeochemistry},
      		replace = {{Org. Geochem.}}]
       \step[ fieldsource = journaltitle,
      		match = \regexp{PLoS\sComputational\sBiology},
      		replace = {{PLoS Comput. Biol.}}]
       \step[ fieldsource = journaltitle,
      		match = \regexp{Proceedings\sof\sthe\sNational\sAcademy\sof\sSciences},
      		replace = {{Proc. Natl. Acad. Sci. U. S. A.}}]
       \step[ fieldsource = journaltitle,
      		match = \regexp{Rapid\sCommunications\sin\sMass\sSpectrometry},
      		replace = {{Rapid Commun. Mass Spectrom.}}]
       \step[ fieldsource = journaltitle,
      		match = \regexp{Research\sin\sMicrobiology},
      		replace = {{Res. Microbiol.}}]
       \step[ fieldsource = journaltitle,
      		match = \regexp{Software:\sPractice\sand\sExperience},
      		replace = {{Softw. Pract. Exper.}}]
       \step[ fieldsource = journaltitle,
      		match = \regexp{Soil\sBiology\sand\sBiochemistry},
      		replace = {{Soil Biol. Biochem.}}]
       \step[ fieldsource = journaltitle,
      		match = \regexp{Soil\sScience\sSociety\sof\sAmerica\sJournal},
      		replace = {{Soil Sci. Soc. Am. J.}}]
       \step[ fieldsource = journaltitle,
      		match = \regexp{Systematic\sand\sApplied\sMicrobiology},
      		replace = {{Syst. Appl. Microbiol.}}]
       \step[ fieldsource = journaltitle,
      		match = \regexp{Wiley\sInterdisciplinary\sReviews:\sClimate\sChange},
      		replace = {{Wiley Interdiscip Rev Clim Change}}]
    }